>>> text_indentation = __import__('5-text_indentation').text_indentation
>>> text_indentation()
Traceback (most recent call last):
  ...
TypeError: text_indentation() missing 1 required positional argument: 'text'
>>> text_indentation(0, 0)
Traceback (most recent call last):
  ...
TypeError: text_indentation() takes 1 positional argument but 2 were given
>>> text_indentation(0)
Traceback (most recent call last):
  ...
TypeError: text must be a string
>>> text_indentation(".")
.
<BLANKLINE>
>>> text_indentation(":")
:
<BLANKLINE>
>>> text_indentation("?")
?
<BLANKLINE>
>>> text_indentation("                 ")
>>> text_indentation("   Hello World   ")
Hello World
>>> text_indentation("   Hello World?  ")
Hello World?
<BLANKLINE>
>>> text_indentation("   Hello World.  ")
Hello World.
<BLANKLINE>
>>> text_indentation("   Hello World:  ")
Hello World:
<BLANKLINE>
>>> text_indentation("""Hi there. Check this out:
...
... Cool, huh ?""")
Hi there.
<BLANKLINE>
Check this out:
<BLANKLINE>
<BLANKLINE>
<BLANKLINE>
Cool, huh ?
<BLANKLINE>
